------------------------------------------------------------
Timing Analyzer Summary
------------------------------------------------------------

Type  : Slow 1100mV 85C Model Setup 'clk'
Slack : -4.066
TNS   : -484.928

Type  : Slow 1100mV 85C Model Hold 'clk'
Slack : 0.310
TNS   : 0.000

Type  : Slow 1100mV 85C Model Minimum Pulse Width 'clk'
Slack : -0.724
TNS   : -189.673

Type  : Slow 1100mV 0C Model Setup 'clk'
Slack : -3.857
TNS   : -466.444

Type  : Slow 1100mV 0C Model Hold 'clk'
Slack : 0.290
TNS   : 0.000

Type  : Slow 1100mV 0C Model Minimum Pulse Width 'clk'
Slack : -0.724
TNS   : -189.338

Type  : Fast 1100mV 85C Model Setup 'clk'
Slack : -1.359
TNS   : -115.810

Type  : Fast 1100mV 85C Model Hold 'clk'
Slack : 0.143
TNS   : 0.000

Type  : Fast 1100mV 85C Model Minimum Pulse Width 'clk'
Slack : -0.090
TNS   : -14.681

Type  : Fast 1100mV 0C Model Setup 'clk'
Slack : -1.103
TNS   : -89.112

Type  : Fast 1100mV 0C Model Hold 'clk'
Slack : 0.133
TNS   : 0.000

Type  : Fast 1100mV 0C Model Minimum Pulse Width 'clk'
Slack : -0.091
TNS   : -14.937

------------------------------------------------------------
